Hello from VM fileio!
Line 2 of test.
